// Jest Snapshot v1, https://goo.gl/fbAQLP

exports[`embedBase64InPdf() should reference the given data in the PDF 1`] = `
"%PDF-1.3
%����

1 0 obj
<<
/Type /Catalog
/Outlines 2 0 R
/Pages 3 0 R
>>
endobj

2 0 obj
<<
/Type /Outlines
/Count 0
>>
endobj

3 0 obj
<<
/Type /Pages
/Count 1
/Kids [ 4 0 R ] 
>>
endobj

4 0 obj
<<
/Type /Page
/Parent 3 0 R
/Resources <<
/Font <<
/F1 9 0 R 
>>
/ProcSet 8 0 R
>>
/MediaBox [0 0 512 512]
/Annots [ 25 0 R ]
/Contents 5 0 R
>>
endobj

5 0 obj
<< /Length 1074 >>
stream
BT
/F1 28 Tf
183 412 Td
( CasualOS ) Tj
ET
BT
/F1 16 Tf
150 256 Td
( Open) Tj
ET
BT
0 0 1 rg
0 0 1 RG
/F1 16 Tf
193.25 256 Td
( https://casualos.com ) Tj
ET
endstream
endobj

8 0 obj
[/PDF /Text]
endobj

9 0 obj
<<
/Type /Font
/Subtype /Type1
/Name /F1
/BaseFont /Helvetica
/Encoding /WinAnsiEncoding
>>
endobj

10 0 obj
<<
/Creator (Casual Simulation)
/Producer (CasualOS)
/CreationDate (D:20210720000000)
>>
endobj

25 0 obj                                                % object ID 26 which is referenced by the OBJR in Object 11
<<
/Type /Annot
/Subtype /Link
/Border [0 0 0]                                       %a colorless border
/Rect [193.25 245 350 276]                              %the boundaries defining target area where link annotation is active
/A <</S /URI /URI (https://casualos.com)>>              % The action that the link should perform (Go to casualos.com)
>>
endobj

9999909 0 obj
 (abcdefghiabcdefghi)
endobj

xref
0 11
0000000000 65535 f
0000000019 00000 n
0000000093 00000 n
0000000147 00000 n
0000000222 00000 n
0000000390 00000 n
0000001522 00000 n
0000001690 00000 n
0000002423 00000 n
0000002456 00000 n
0000002574 00000 n

trailer
<<
/Size 11
/Root 1 0 R
/Info 10 0 R
>>

startxref
2714
%%EOF
"
`;
