// Jest Snapshot v1, https://goo.gl/fbAQLP

exports[`generateV1ConnectionToken() should generate a connection token from the given connection key 1`] = `"OTkxMWY3NDllNmE4NzEzMzMyZjIzNDgzYmJmZGFjYjg2YzU3OWM4YjA0YjMyMWYyNGY0YWMyMzlhYzY0Y2NiYw=="`;
